2026-05-15 12:11:45 | INFO | P01 | === RUN START ===
2026-05-15 12:11:45 | INFO | P01 | project=P01
2026-05-15 12:11:45 | INFO | P01 | repo_dir=datafun-01-foundations
2026-05-15 12:11:45 | INFO | P01 | python=3.14.5
2026-05-15 12:11:45 | INFO | P01 | os=Darwin 25.4.0
2026-05-15 12:11:45 | INFO | P01 | shell=zsh
2026-05-15 12:11:45 | INFO | P01 | cwd=.
2026-05-15 12:11:45 | INFO | P01 | github_actions=False
2026-05-15 12:11:45 | INFO | P01 | ========================
2026-05-15 12:11:45 | INFO | P01 | START main()
2026-05-15 12:11:45 | INFO | P01 | ========================
2026-05-15 12:11:45 | INFO | P01 | Generated formatted multi-line SUMMARY string.
2026-05-15 12:11:45 | INFO | P01 | Returning the str to the calling function.
2026-05-15 12:11:45 | INFO | P01 | 
    Course Information:
        Course name: Data Analytics Fundamentals
        Course number: 608
        Course hrs/wk: 20.00
        Assumes prior experience: False
        Uses Professional Python: True
        Helpful traits: ['patience', 'curiosity', 'humor', 'tenacity']
    
2026-05-15 12:11:45 | INFO | P01 | Generated formatted multi-line SUMMARY string.
2026-05-15 12:11:45 | INFO | P01 | Returning the str to the calling function.
2026-05-15 12:11:45 | INFO | P01 | 
    Descriptive Statistics for Snowfall (inches):
        Total snowfall: 22.50 inches
        Count of measurements: 5
        Minimum snowfall: 2.50 inches
        Maximum snowfall: 6.50 inches
        Average snowfall: 4.50 inches
        Standard deviation: 1.58 inches
    
2026-05-15 12:11:45 | INFO | P01 | ========================
2026-05-15 12:11:45 | INFO | P01 | Executed successfully!
2026-05-15 12:11:45 | INFO | P01 | ========================
2026-05-15 13:50:47 | INFO | P01 | === RUN START ===
2026-05-15 13:50:47 | INFO | P01 | project=P01
2026-05-15 13:50:47 | INFO | P01 | repo_dir=datafun-01-foundations
2026-05-15 13:50:47 | INFO | P01 | python=3.14.5
2026-05-15 13:50:47 | INFO | P01 | os=Darwin 25.4.0
2026-05-15 13:50:47 | INFO | P01 | shell=zsh
2026-05-15 13:50:47 | INFO | P01 | cwd=.
2026-05-15 13:50:47 | INFO | P01 | github_actions=False
2026-05-15 13:50:47 | INFO | P01 | ========================
2026-05-15 13:50:47 | INFO | P01 | START main()
2026-05-15 13:50:47 | INFO | P01 | ========================
2026-05-15 13:50:47 | INFO | P01 | Generated formatted multi-line SUMMARY string.
2026-05-15 13:50:47 | INFO | P01 | Returning the str to the calling function.
2026-05-15 13:50:47 | INFO | P01 | 
    Course Information:
        Course name: Data Analytics Fundamentals
        Course number: 608
        Course hrs/wk: 20.00
        Assumes prior experience: False
        Uses Professional Python: True
        Helpful traits: ['patience', 'curiosity', 'humor', 'tenacity']
    
2026-05-15 13:50:47 | INFO | P01 | Generated formatted multi-line SUMMARY string.
2026-05-15 13:50:47 | INFO | P01 | Returning the str to the calling function.
2026-05-15 13:50:47 | INFO | P01 | 
    Descriptive Statistics for Snowfall (inches):
        Total snowfall: 22.50 inches
        Count of measurements: 5
        Minimum snowfall: 2.50 inches
        Maximum snowfall: 6.50 inches
        Average snowfall: 4.50 inches
        Standard deviation: 1.58 inches
    
2026-05-15 13:50:47 | INFO | P01 | ========================
2026-05-15 13:50:47 | INFO | P01 | Executed successfully!
2026-05-15 13:50:47 | INFO | P01 | ========================
2026-05-15 20:26:10 | INFO | P01 | === RUN START ===
2026-05-15 20:26:10 | INFO | P01 | project=P01
2026-05-15 20:26:10 | INFO | P01 | repo_dir=datafun-01-foundations
2026-05-15 20:26:10 | INFO | P01 | python=3.14.5
2026-05-15 20:26:10 | INFO | P01 | os=Darwin 25.4.0
2026-05-15 20:26:10 | INFO | P01 | shell=zsh
2026-05-15 20:26:10 | INFO | P01 | cwd=.
2026-05-15 20:26:10 | INFO | P01 | github_actions=False
2026-05-15 20:26:10 | INFO | P01 | ========================
2026-05-15 20:26:10 | INFO | P01 | START main()
2026-05-15 20:26:10 | INFO | P01 | ========================
2026-05-15 20:26:10 | INFO | P01 | Generated formatted multi-line SUMMARY string.
2026-05-15 20:26:10 | INFO | P01 | Returning the str to the calling function.
2026-05-15 20:26:10 | INFO | P01 | 
    *** Ahmad Mohmand's Custom Project Version ***
    Course Information:
        Course name: Data Analytics Fundamentals
        Course number: 608
        Course hrs/wk: 20.00
        Assumes prior experience: False
        Uses Professional Python: True
        Helpful traits: ['patience', 'curiosity', 'humor', 'tenacity']
    
2026-05-15 20:26:10 | INFO | P01 | Generated formatted multi-line SUMMARY string.
2026-05-15 20:26:10 | INFO | P01 | Returning the str to the calling function.
2026-05-15 20:26:10 | INFO | P01 | 
    Descriptive Statistics for Snowfall (inches):
        Total snowfall: 22.50 inches
        Count of measurements: 5
        Minimum snowfall: 2.50 inches
        Maximum snowfall: 6.50 inches
        Average snowfall: 4.50 inches
        Standard deviation: 1.58 inches
    
2026-05-15 20:26:10 | INFO | P01 | ========================
2026-05-15 20:26:10 | INFO | P01 | Executed successfully!
2026-05-15 20:26:10 | INFO | P01 | ========================
2026-05-15 20:31:26 | INFO | P01 | === RUN START ===
2026-05-15 20:31:26 | INFO | P01 | project=P01
2026-05-15 20:31:26 | INFO | P01 | repo_dir=datafun-01-foundations
2026-05-15 20:31:26 | INFO | P01 | python=3.14.5
2026-05-15 20:31:26 | INFO | P01 | os=Darwin 25.4.0
2026-05-15 20:31:26 | INFO | P01 | shell=zsh
2026-05-15 20:31:26 | INFO | P01 | cwd=.
2026-05-15 20:31:26 | INFO | P01 | github_actions=False
2026-05-15 20:31:26 | INFO | P01 | ========================
2026-05-15 20:31:26 | INFO | P01 | START main()
2026-05-15 20:31:26 | INFO | P01 | ========================
2026-05-15 20:31:26 | INFO | P01 | Generated formatted multi-line SUMMARY string.
2026-05-15 20:31:26 | INFO | P01 | Returning the str to the calling function.
2026-05-15 20:31:26 | INFO | P01 | 
    *** Ahmad Mohmand's Custom Project Version ***
    Course Information:
        Course name: Data Analytics Fundamentals
        Course number: 608
        Course hrs/wk: 20.00
        Assumes prior experience: False
        Uses Professional Python: True
        Helpful traits: ['patience', 'curiosity', 'humor', 'tenacity']
    
2026-05-15 20:31:26 | INFO | P01 | Generated formatted multi-line SUMMARY string.
2026-05-15 20:31:26 | INFO | P01 | Returning the str to the calling function.
2026-05-15 20:31:26 | INFO | P01 | 
    Descriptive Statistics for Snowfall (inches):
        Total snowfall: 22.50 inches
        Count of measurements: 5
        Minimum snowfall: 2.50 inches
        Maximum snowfall: 6.50 inches
        Average snowfall: 4.50 inches
        Standard deviation: 1.58 inches
    
2026-05-15 20:31:26 | INFO | P01 | ========================
2026-05-15 20:31:26 | INFO | P01 | Executed successfully!
2026-05-15 20:31:26 | INFO | P01 | ========================
2026-05-15 20:32:49 | INFO | P01 | === RUN START ===
2026-05-15 20:32:49 | INFO | P01 | project=P01
2026-05-15 20:32:49 | INFO | P01 | repo_dir=datafun-01-foundations
2026-05-15 20:32:49 | INFO | P01 | python=3.14.5
2026-05-15 20:32:49 | INFO | P01 | os=Darwin 25.4.0
2026-05-15 20:32:49 | INFO | P01 | shell=zsh
2026-05-15 20:32:49 | INFO | P01 | cwd=.
2026-05-15 20:32:49 | INFO | P01 | github_actions=False
2026-05-15 20:32:49 | INFO | P01 | ========================
2026-05-15 20:32:49 | INFO | P01 | START main()
2026-05-15 20:32:49 | INFO | P01 | ========================
2026-05-15 20:32:49 | INFO | P01 | Generated formatted multi-line SUMMARY string.
2026-05-15 20:32:49 | INFO | P01 | Returning the str to the calling function.
2026-05-15 20:32:49 | INFO | P01 | 
    *** Ahmad Mohmand's Custom Project Version ***
    Course Information:
        Course name: Data Analytics Fundamentals
        Course number: 608
        Course hrs/wk: 20.00
        Assumes prior experience: False
        Uses Professional Python: True
        Helpful traits: ['patience', 'curiosity', 'humor', 'tenacity']
    
2026-05-15 20:32:49 | INFO | P01 | Generated formatted multi-line SUMMARY string.
2026-05-15 20:32:49 | INFO | P01 | Returning the str to the calling function.
2026-05-15 20:32:49 | INFO | P01 | 
    Descriptive Statistics for Snowfall (inches):
        Total snowfall: 22.50 inches
        Count of measurements: 5
        Minimum snowfall: 2.50 inches
        Maximum snowfall: 6.50 inches
        Average snowfall: 4.50 inches
        Standard deviation: 1.58 inches
    
2026-05-15 20:32:49 | INFO | P01 | ========================
2026-05-15 20:32:49 | INFO | P01 | Executed successfully!
2026-05-15 20:32:49 | INFO | P01 | ========================
2026-05-15 20:33:42 | INFO | P01 | === RUN START ===
2026-05-15 20:33:42 | INFO | P01 | project=P01
2026-05-15 20:33:42 | INFO | P01 | repo_dir=datafun-01-foundations
2026-05-15 20:33:42 | INFO | P01 | python=3.14.5
2026-05-15 20:33:42 | INFO | P01 | os=Darwin 25.4.0
2026-05-15 20:33:42 | INFO | P01 | shell=zsh
2026-05-15 20:33:42 | INFO | P01 | cwd=.
2026-05-15 20:33:42 | INFO | P01 | github_actions=False
2026-05-15 20:33:42 | INFO | P01 | ========================
2026-05-15 20:33:42 | INFO | P01 | START main()
2026-05-15 20:33:42 | INFO | P01 | ========================
2026-05-15 20:33:42 | INFO | P01 | Generated formatted multi-line SUMMARY string.
2026-05-15 20:33:42 | INFO | P01 | Returning the str to the calling function.
2026-05-15 20:33:42 | INFO | P01 | 
    *** Ahmad Mohmand's Custom Project Version ***
    Course Information:
        Course name: Data Analytics Fundamentals
        Course number: 608
        Course hrs/wk: 20.00
        Assumes prior experience: False
        Uses Professional Python: True
        Helpful traits: ['patience', 'curiosity', 'humor', 'tenacity']
    
2026-05-15 20:33:42 | INFO | P01 | Generated formatted multi-line SUMMARY string.
2026-05-15 20:33:42 | INFO | P01 | Returning the str to the calling function.
2026-05-15 20:33:42 | INFO | P01 | 
    Descriptive Statistics for Snowfall (inches):
        Total snowfall: 22.50 inches
        Count of measurements: 5
        Minimum snowfall: 2.50 inches
        Maximum snowfall: 6.50 inches
        Average snowfall: 4.50 inches
        Standard deviation: 1.58 inches
    
2026-05-15 20:33:42 | INFO | P01 | ========================
2026-05-15 20:33:42 | INFO | P01 | Executed successfully!
2026-05-15 20:33:42 | INFO | P01 | ========================
2026-05-16 21:22:48 | INFO | P01 | === RUN START ===
2026-05-16 21:22:48 | INFO | P01 | project=P01
2026-05-16 21:22:48 | INFO | P01 | repo_dir=datafun-01-foundations
2026-05-16 21:22:48 | INFO | P01 | python=3.14.5
2026-05-16 21:22:48 | INFO | P01 | os=Darwin 25.4.0
2026-05-16 21:22:48 | INFO | P01 | shell=zsh
2026-05-16 21:22:48 | INFO | P01 | cwd=.
2026-05-16 21:22:48 | INFO | P01 | github_actions=False
2026-05-16 21:22:48 | INFO | P01 | ========================
2026-05-16 21:22:48 | INFO | P01 | START main()
2026-05-16 21:22:48 | INFO | P01 | ========================
2026-05-16 21:22:48 | INFO | P01 | Generated formatted multi-line SUMMARY string.
2026-05-16 21:22:48 | INFO | P01 | Returning the str to the calling function.
2026-05-16 21:22:48 | INFO | P01 | 
    *** Ahmad Mohmand's Custom Project Version ***
    Course Information:
        Course name: Data Analytics Fundamentals
        Course number: 608
        Course hrs/wk: 20.00
        Assumes prior experience: False
        Uses Professional Python: True
        Helpful traits: ['patience', 'curiosity', 'humor', 'tenacity']
    
2026-05-16 21:22:48 | INFO | P01 | Generated formatted multi-line SUMMARY string.
2026-05-16 21:22:48 | INFO | P01 | Returning the str to the calling function.
2026-05-16 21:22:48 | INFO | P01 | 
    Descriptive Statistics for Snowfall (inches):
        Total snowfall: 22.50 inches
        Count of measurements: 5
        Minimum snowfall: 2.50 inches
        Maximum snowfall: 6.50 inches
        Average snowfall: 4.50 inches
        Standard deviation: 1.58 inches
    
2026-05-16 21:22:48 | INFO | P01 | ========================
2026-05-16 21:22:48 | INFO | P01 | Executed successfully!
2026-05-16 21:22:48 | INFO | P01 | ========================
